node.exe : [2m12:19:08 AM[22m 
[33m[1m[vite][22m[39m [33mwarning: 
`esbuild` option was specified by 
"vite:react-babel" plugin. This option is 
deprecated, please use `oxc` instead.[39m
At line:1 char:1
+ & "C:\Program Files\nodejs/node.exe" 
"C:\Program Files\nodejs/node_mo ...
+ ~~~~~~~~~~~~~~~~~~~~~~~~~~~~~~~~~~~~~~~~~~
~~~~~~~~~~~~~~~~~~~~~~~~~~~
    + CategoryInfo          : NotSpecified: 
    ([2m12:19:08 AM...` instead.[39m:Str  
  ing) [], RemoteException
    + FullyQualifiedErrorId : NativeCommand 
   Error
 
[2m12:19:08 AM[22m 
[33m[1m[vite][22m[39m [33mwarning: 
`optimizeDeps.esbuildOptions` option was 
specified by "vite:react-babel" plugin. 
This option is deprecated, please use 
`optimizeDeps.rolldownOptions` instead.[39m
[33mBoth esbuild and oxc options were set. 
oxc options will be used and esbuild 
options will be ignored.[39m The following 
esbuild options were set: `{ jsx: 
'automatic', jsxImportSource: undefined }`

[1m[46m RUN [49m[22m [36mv4.1.1 [39m[90mC:/Users/kairo/Documents/GitHub/Portfolio-website[39m

 [32mΓ£ô[39m src/components/Footer.test.tsx [2m([22m[2m3 tests[22m[2m)[22m[32m 226[2mms[22m[39m

[2m Test Files [22m [1m[32m1 passed[39m[22m[90m (1)[39m
[2m      Tests [22m [1m[32m3 passed[39m[22m[90m (3)[39m
[2m   Start at [22m 00:19:08
[2m   Duration [22m 2.03s[2m (transform 76ms, setup 143ms, import 236ms, tests 226ms, environment 1.18s)[22m

